2026-03-16 05:14:29 [INFO] Application starting
2026-03-16 05:14:29 [INFO] Server started on port 8080
2026-03-16 05:18:54 [INFO] POST /users
2026-03-16 05:18:54 [INFO] Creating user
2026-03-16 05:19:50 [INFO] GET /users
2026-03-16 05:19:50 [INFO] Fetching all users
2026-03-16 05:28:51 [INFO] GET /workouts
2026-03-16 05:28:51 [INFO] Fetching all workouts
2026-03-16 05:32:09 [INFO] Application starting
2026-03-16 05:32:09 [INFO] Server started on port 8080
2026-03-16 05:34:13 [INFO] POST /workouts
2026-03-16 05:34:13 [INFO] Creating workout
2026-03-16 05:34:38 [INFO] GET /workouts
2026-03-16 05:34:38 [INFO] Fetching all workouts
2026-03-16 07:29:26 [INFO] Application starting
2026-03-16 07:29:26 [INFO] Server started on port 8080
2026-03-16 07:29:38 [INFO] GET /users
2026-03-16 07:29:38 [INFO] Fetching all users
2026-03-16 07:33:34 [INFO] POST /workouts
2026-03-16 07:33:34 [INFO] Creating workout
2026-03-16 07:37:07 [INFO] GET /workouts
2026-03-16 07:37:07 [INFO] Fetching all workouts
2026-03-16 07:39:57 [INFO] Application starting
2026-03-16 07:39:57 [INFO] Server started on port 8080
2026-03-16 07:41:59 [INFO] POST /workouts/{id}/entries
2026-03-16 07:41:59 [INFO] Creating workout entry
2026-03-16 07:49:01 [INFO] GET /workouts/{id}/entries
2026-03-16 07:49:01 [INFO] Fetching workout entries
2026-03-16 07:57:48 [INFO] POST /meals
2026-03-16 07:57:48 [INFO] Creating meal
2026-03-16 07:57:48 [ERROR] POST /meals exception: ERROR:  invalid input syntax for type timestamp: ""
CONTEXT:  unnamed portal parameter $2 = ''

2026-03-16 09:16:24 [INFO] Application starting
2026-03-16 09:16:24 [INFO] Server started on port 8080
2026-03-16 09:18:48 [INFO] POST /meals
2026-03-16 09:18:48 [INFO] Creating meal
2026-03-16 09:18:48 [ERROR] POST /meals exception: ERROR:  new row for relation "meals" violates check constraint "meals_meal_type_check"
DETAIL:  Failing row contains (11, 6, 2026-03-16 09:18:00, Protein Shake, N/A).

2026-03-16 09:33:20 [INFO] Application starting
2026-03-16 09:33:20 [INFO] Server started on port 8080
2026-03-16 09:35:10 [INFO] POST /meals
2026-03-16 09:35:10 [INFO] Creating meal
2026-03-16 09:35:10 [ERROR] POST /meals exception: connection to server at "localhost" (::1), port 5432 failed: FATAL:  password authentication failed for user "postgres"

2026-03-16 09:44:28 [INFO] Application starting
2026-03-16 09:44:28 [INFO] Server started on port 8080
2026-03-16 09:45:14 [INFO] Application starting
2026-03-16 09:45:14 [INFO] Server started on port 8080
2026-03-16 09:45:39 [INFO] Application starting
2026-03-16 09:45:39 [INFO] Server started on port 8080
2026-03-16 09:47:01 [INFO] POST /meals
2026-03-16 09:47:01 [INFO] Creating meal
2026-03-16 09:47:01 [ERROR] POST /meals exception: connection to server at "localhost" (::1), port 5432 failed: FATAL:  password authentication failed for user "postgres"

2026-03-16 09:55:20 [INFO] Application starting
2026-03-16 09:55:20 [INFO] Server started on port 8080
2026-03-16 09:56:48 [INFO] POST /meals
2026-03-16 09:56:48 [INFO] Creating meal
2026-03-16 09:59:03 [INFO] GET /meals
2026-03-16 09:59:03 [INFO] Fetching all meals
2026-03-16 10:02:30 [INFO] POST /meals/{id}/items
2026-03-16 10:02:30 [INFO] Creating meal item
2026-03-16 10:04:03 [INFO] GET /meals/{id}/items
2026-03-16 10:04:03 [INFO] Fetching meal items
2026-03-16 10:04:56 [INFO] Application shutting down
